<?xml version="1.0" encoding="UTF-8" ?>
<testsuites name="vitest tests" tests="1" failures="0" errors="0" time="0.671">
    <testsuite name="src/App.test.tsx" timestamp="2025-08-02T06:34:32.209Z" hostname="m3macbook.local.samir.systems" tests="1" failures="0" errors="0" skipped="0" time="0.026">
        <testcase classname="src/App.test.tsx" name="App &gt; renders without crashing" time="0.026">
        </testcase>
    </testsuite>
</testsuites>
